      ---------------core0[1:x]
      ------------socket0[1:x]
      ---------node0[1:s]
      ------rack0[1:s]
      ---tiny0[1:s]
INFO: =============================
INFO: JOBID=1
INFO: RESOURCES=ALLOCATED
INFO: SCHEDULED AT=Now
INFO: =============================
      ---------------core18[1:x]
      ------------socket1[1:x]
      ---------node0[1:s]
      ------rack0[1:s]
      ---tiny0[1:s]
INFO: =============================
INFO: JOBID=2
INFO: RESOURCES=ALLOCATED
INFO: SCHEDULED AT=Now
INFO: =============================
      ---------------core0[1:x]
      ------------socket0[1:x]
      ---------node1[1:s]
      ------rack0[1:s]
      ---tiny0[1:s]
INFO: =============================
INFO: JOBID=3
INFO: RESOURCES=ALLOCATED
INFO: SCHEDULED AT=Now
INFO: =============================
      ---------------core18[1:x]
      ------------socket1[1:x]
      ---------node1[1:s]
      ------rack0[1:s]
      ---tiny0[1:s]
INFO: =============================
INFO: JOBID=4
INFO: RESOURCES=ALLOCATED
INFO: SCHEDULED AT=Now
INFO: =============================
INFO: =============================
INFO: No matching resources found
INFO: JOBID=5
INFO: =============================
INFO: =============================
INFO: No matching resources found
INFO: JOBID=6
INFO: =============================
INFO: =============================
INFO: No matching resources found
INFO: JOBID=7
INFO: =============================
INFO: =============================
INFO: No matching resources found
INFO: JOBID=8
INFO: =============================
INFO: =============================
INFO: No matching resources found
INFO: JOBID=9
INFO: =============================
INFO: =============================
INFO: No matching resources found
INFO: JOBID=10
INFO: =============================
INFO: =============================
INFO: No matching resources found
INFO: JOBID=11
INFO: =============================
INFO: =============================
INFO: No matching resources found
INFO: JOBID=12
INFO: =============================
